---
source: src/classifieds/parse/item.rs
expression: user
input_file: src/classifieds/parse/test-input/item/dj-classifieds.html
---
ClassifiedsDetails {
    description: Some(
        "Komplette ASG 29e2050h15m und 18m SpannweitePU Lackierung / getönte Haube MückenputzerHecktank5 Jahreskontrolle Motor in 11/25 durchgeführtLX 8000 4. GenWölbklappensensorPower FLARM LX Knüppelfernbedienung Cobra Anhänger100 km/h Zulassung/ Reifen 1 Jahr altKurbelstützenFlügelstütze / Flächenrad / Zugstange / KullerWeiteres ZubehörHaubenblitzer (noch nicht eingebaut) IMI Aufrüsthilfe",
    ),
    location: Some(
        "Bamberg-Breitenau, Deutschland",
    ),
    photo_urls: [
        "https://www.segelflug.de/components/com_djclassifieds/images/item/0/252503_thb.jpg",
        "https://www.segelflug.de/components/com_djclassifieds/images/item/0/252504_thb.jpg",
        "https://www.segelflug.de/components/com_djclassifieds/images/item/0/252505_thb.jpg",
        "https://www.segelflug.de/components/com_djclassifieds/images/item/0/252506_thb.jpg",
    ],
    price: Some(
        "165.700 €",
    ),
    user_link: Some(
        "https://www.segelflug.de/index.php/de/component/djclassifieds/profile/ruehr-matthias,22903",
    ),
}
